========================================================
START : Sun Apr 26 17:55:51 EDT 2026
JOB   : 48774765
TASK  : pick-place-v2  [retrain_v2]
SEED  : 0
OUT   : /nfs/turbo/umd-sabymath/Soham/sail-tf1b-onlineRM/teacher_training/metaworld/pick-place-v2/retrain_v2
CHANGES vs v1: 3M steps, ent_coef=0.1 (fixed), learning_starts=5000
========================================================
2026-04-26 17:55:56,557  ====================================================================
2026-04-26 17:55:56,558  Meta-World Teacher Training  [SAC]
2026-04-26 17:55:56,558    Task            : pick-place-v2
2026-04-26 17:55:56,558    Seed            : 0
2026-04-26 17:55:56,558    Total steps     : 3,000,000
2026-04-26 17:55:56,558    Checkpoint freq : 100,000 steps
2026-04-26 17:55:56,558    Eval freq       : 50,000 steps
2026-04-26 17:55:56,558    Eval episodes   : 20
2026-04-26 17:55:56,558    Target SR       : 0.9
2026-04-26 17:55:56,558    Obs dim         : 39  (raw, no TimeFeatureWrapper)
2026-04-26 17:55:56,558    Act dim         : 4
2026-04-26 17:55:56,558    Ep length       : 200
2026-04-26 17:55:56,558    Output          : /nfs/turbo/umd-sabymath/Soham/sail-tf1b-onlineRM/teacher_training/metaworld/pick-place-v2/retrain_v2/sac_seed0
2026-04-26 17:55:56,558  ====================================================================
2026-04-26 18:07:32,024    step=  50,000  SR=0.000  ret=5.2 [2.5,6.4]  [BEST] elapsed=11.5min
2026-04-26 18:20:11,157    step= 100,000  SR=0.000  ret=4.0 [0.5,8.9]  elapsed=24.2min
2026-04-26 18:20:11,292    [ckpt] saved → /nfs/turbo/umd-sabymath/Soham/sail-tf1b-onlineRM/teacher_training/metaworld/pick-place-v2/retrain_v2/sac_seed0/checkpoints/step_00100000
2026-04-26 18:35:31,683    step= 150,000  SR=0.000  ret=4.5 [2.3,5.1]  elapsed=39.5min
2026-04-26 18:50:33,589    step= 200,000  SR=0.000  ret=2.1 [0.8,5.5]  elapsed=54.5min
2026-04-26 18:50:33,685    [ckpt] saved → /nfs/turbo/umd-sabymath/Soham/sail-tf1b-onlineRM/teacher_training/metaworld/pick-place-v2/retrain_v2/sac_seed0/checkpoints/step_00200000
2026-04-26 19:05:22,738    step= 250,000  SR=0.000  ret=4.2 [0.4,12.4]  elapsed=69.3min
2026-04-26 19:20:30,265    step= 300,000  SR=0.000  ret=4.0 [1.0,6.2]  elapsed=84.5min
2026-04-26 19:20:30,475    [ckpt] saved → /nfs/turbo/umd-sabymath/Soham/sail-tf1b-onlineRM/teacher_training/metaworld/pick-place-v2/retrain_v2/sac_seed0/checkpoints/step_00300000
2026-04-26 19:33:29,173    step= 350,000  SR=0.000  ret=4.1 [2.7,5.3]  elapsed=97.5min
2026-04-26 19:46:38,200    step= 400,000  SR=0.000  ret=4.3 [3.4,4.9]  elapsed=110.6min
2026-04-26 19:46:38,296    [ckpt] saved → /nfs/turbo/umd-sabymath/Soham/sail-tf1b-onlineRM/teacher_training/metaworld/pick-place-v2/retrain_v2/sac_seed0/checkpoints/step_00400000
2026-04-26 19:59:37,560    step= 450,000  SR=0.000  ret=3.8 [1.1,5.5]  elapsed=123.6min
2026-04-26 20:12:35,286    step= 500,000  SR=0.000  ret=4.1 [2.1,6.1]  elapsed=136.6min
2026-04-26 20:12:35,446    [ckpt] saved → /nfs/turbo/umd-sabymath/Soham/sail-tf1b-onlineRM/teacher_training/metaworld/pick-place-v2/retrain_v2/sac_seed0/checkpoints/step_00500000
2026-04-26 20:25:50,427    step= 550,000  SR=0.000  ret=4.1 [2.8,5.6]  elapsed=149.8min
2026-04-26 20:39:02,998    step= 600,000  SR=0.000  ret=4.2 [3.1,6.3]  elapsed=163.0min
2026-04-26 20:39:03,100    [ckpt] saved → /nfs/turbo/umd-sabymath/Soham/sail-tf1b-onlineRM/teacher_training/metaworld/pick-place-v2/retrain_v2/sac_seed0/checkpoints/step_00600000
2026-04-26 20:52:14,623    step= 650,000  SR=0.000  ret=4.5 [2.9,6.7]  elapsed=176.2min
2026-04-26 21:05:34,811    step= 700,000  SR=0.000  ret=5.1 [3.1,7.9]  elapsed=189.6min
2026-04-26 21:05:34,937    [ckpt] saved → /nfs/turbo/umd-sabymath/Soham/sail-tf1b-onlineRM/teacher_training/metaworld/pick-place-v2/retrain_v2/sac_seed0/checkpoints/step_00700000
2026-04-26 21:20:53,974    step= 750,000  SR=0.000  ret=4.6 [3.1,5.4]  elapsed=204.9min
2026-04-26 21:36:26,457    step= 800,000  SR=0.000  ret=5.5 [4.0,9.6]  elapsed=220.4min
2026-04-26 21:36:26,612    [ckpt] saved → /nfs/turbo/umd-sabymath/Soham/sail-tf1b-onlineRM/teacher_training/metaworld/pick-place-v2/retrain_v2/sac_seed0/checkpoints/step_00800000
2026-04-26 21:51:30,591    step= 850,000  SR=0.000  ret=5.9 [4.5,9.3]  elapsed=235.5min
2026-04-26 22:06:50,077    step= 900,000  SR=0.000  ret=6.0 [4.6,9.8]  elapsed=250.8min
2026-04-26 22:06:50,196    [ckpt] saved → /nfs/turbo/umd-sabymath/Soham/sail-tf1b-onlineRM/teacher_training/metaworld/pick-place-v2/retrain_v2/sac_seed0/checkpoints/step_00900000
2026-04-26 22:21:33,581    step= 950,000  SR=0.000  ret=6.3 [4.2,10.9]  elapsed=265.5min
2026-04-26 22:36:28,644    step=1,000,000  SR=0.000  ret=6.3 [4.5,10.6]  elapsed=280.4min
2026-04-26 22:36:28,955    [ckpt] saved → /nfs/turbo/umd-sabymath/Soham/sail-tf1b-onlineRM/teacher_training/metaworld/pick-place-v2/retrain_v2/sac_seed0/checkpoints/step_01000000
2026-04-26 22:50:54,679    step=1,050,000  SR=0.000  ret=7.5 [4.9,11.0]  elapsed=294.9min
2026-04-26 23:05:32,798    step=1,100,000  SR=0.000  ret=7.2 [4.9,11.3]  elapsed=309.5min
2026-04-26 23:05:32,981    [ckpt] saved → /nfs/turbo/umd-sabymath/Soham/sail-tf1b-onlineRM/teacher_training/metaworld/pick-place-v2/retrain_v2/sac_seed0/checkpoints/step_01100000
2026-04-26 23:23:19,155    step=1,150,000  SR=0.000  ret=8.2 [5.0,12.9]  elapsed=327.3min
2026-04-26 23:37:05,546    step=1,200,000  SR=0.000  ret=7.7 [5.0,12.3]  elapsed=341.1min
2026-04-26 23:37:05,670    [ckpt] saved → /nfs/turbo/umd-sabymath/Soham/sail-tf1b-onlineRM/teacher_training/metaworld/pick-place-v2/retrain_v2/sac_seed0/checkpoints/step_01200000
2026-04-26 23:58:29,441    step=1,250,000  SR=0.000  ret=7.3 [5.1,13.2]  elapsed=362.5min
2026-04-27 00:12:09,997    step=1,300,000  SR=0.000  ret=12.6 [10.1,15.5]  elapsed=376.1min
2026-04-27 00:12:10,124    [ckpt] saved → /nfs/turbo/umd-sabymath/Soham/sail-tf1b-onlineRM/teacher_training/metaworld/pick-place-v2/retrain_v2/sac_seed0/checkpoints/step_01300000
2026-04-27 00:27:06,418    step=1,350,000  SR=0.000  ret=13.9 [9.5,17.3]  elapsed=391.1min
2026-04-27 00:42:03,115    step=1,400,000  SR=0.000  ret=13.1 [8.6,14.9]  elapsed=406.0min
2026-04-27 00:42:03,228    [ckpt] saved → /nfs/turbo/umd-sabymath/Soham/sail-tf1b-onlineRM/teacher_training/metaworld/pick-place-v2/retrain_v2/sac_seed0/checkpoints/step_01400000
2026-04-27 00:57:03,703    step=1,450,000  SR=0.000  ret=14.4 [9.3,18.0]  elapsed=421.0min
2026-04-27 01:12:19,869    step=1,500,000  SR=0.000  ret=16.8 [8.1,20.6]  elapsed=436.3min
2026-04-27 01:12:19,995    [ckpt] saved → /nfs/turbo/umd-sabymath/Soham/sail-tf1b-onlineRM/teacher_training/metaworld/pick-place-v2/retrain_v2/sac_seed0/checkpoints/step_01500000
2026-04-27 01:27:49,432    step=1,550,000  SR=0.000  ret=18.7 [16.6,21.5]  elapsed=451.8min
2026-04-27 01:44:11,341    step=1,600,000  SR=0.000  ret=18.2 [16.9,20.3]  elapsed=468.1min
2026-04-27 01:44:11,478    [ckpt] saved → /nfs/turbo/umd-sabymath/Soham/sail-tf1b-onlineRM/teacher_training/metaworld/pick-place-v2/retrain_v2/sac_seed0/checkpoints/step_01600000
2026-04-27 01:57:31,755    step=1,650,000  SR=0.000  ret=16.9 [10.7,19.7]  elapsed=481.5min
2026-04-27 02:11:05,875    step=1,700,000  SR=0.000  ret=17.2 [6.9,20.9]  elapsed=495.1min
2026-04-27 02:11:06,004    [ckpt] saved → /nfs/turbo/umd-sabymath/Soham/sail-tf1b-onlineRM/teacher_training/metaworld/pick-place-v2/retrain_v2/sac_seed0/checkpoints/step_01700000
2026-04-27 02:27:51,154    step=1,750,000  SR=0.000  ret=18.8 [16.8,21.0]  elapsed=511.8min
2026-04-27 02:44:28,138    step=1,800,000  SR=0.000  ret=11.0 [4.6,22.5]  elapsed=528.4min
2026-04-27 02:44:28,661    [ckpt] saved → /nfs/turbo/umd-sabymath/Soham/sail-tf1b-onlineRM/teacher_training/metaworld/pick-place-v2/retrain_v2/sac_seed0/checkpoints/step_01800000
2026-04-27 02:59:09,486    step=1,850,000  SR=0.000  ret=17.5 [14.9,19.9]  elapsed=543.1min
2026-04-27 03:13:57,999    step=1,900,000  SR=0.000  ret=16.9 [10.2,19.0]  elapsed=557.9min
2026-04-27 03:13:58,109    [ckpt] saved → /nfs/turbo/umd-sabymath/Soham/sail-tf1b-onlineRM/teacher_training/metaworld/pick-place-v2/retrain_v2/sac_seed0/checkpoints/step_01900000
2026-04-27 03:28:25,677    step=1,950,000  SR=0.000  ret=16.8 [10.0,21.4]  elapsed=572.4min
2026-04-27 03:42:50,828    step=2,000,000  SR=0.000  ret=17.6 [11.6,20.2]  elapsed=586.8min
2026-04-27 03:42:50,934    [ckpt] saved → /nfs/turbo/umd-sabymath/Soham/sail-tf1b-onlineRM/teacher_training/metaworld/pick-place-v2/retrain_v2/sac_seed0/checkpoints/step_02000000
2026-04-27 03:57:24,257    step=2,050,000  SR=0.000  ret=18.2 [17.1,20.9]  elapsed=601.4min
2026-04-27 04:11:46,984    step=2,100,000  SR=0.000  ret=18.6 [17.2,20.4]  elapsed=615.8min
2026-04-27 04:11:47,096    [ckpt] saved → /nfs/turbo/umd-sabymath/Soham/sail-tf1b-onlineRM/teacher_training/metaworld/pick-place-v2/retrain_v2/sac_seed0/checkpoints/step_02100000
2026-04-27 04:27:06,998    step=2,150,000  SR=0.000  ret=14.6 [7.7,18.5]  elapsed=631.1min
2026-04-27 04:42:56,654    step=2,200,000  SR=0.000  ret=17.9 [16.5,19.6]  elapsed=646.9min
2026-04-27 04:42:56,778    [ckpt] saved → /nfs/turbo/umd-sabymath/Soham/sail-tf1b-onlineRM/teacher_training/metaworld/pick-place-v2/retrain_v2/sac_seed0/checkpoints/step_02200000
2026-04-27 04:59:17,090    step=2,250,000  SR=0.000  ret=16.2 [12.0,17.6]  elapsed=663.3min
2026-04-27 05:15:30,150    step=2,300,000  SR=0.000  ret=15.3 [13.8,16.7]  elapsed=679.5min
2026-04-27 05:15:30,260    [ckpt] saved → /nfs/turbo/umd-sabymath/Soham/sail-tf1b-onlineRM/teacher_training/metaworld/pick-place-v2/retrain_v2/sac_seed0/checkpoints/step_02300000
2026-04-27 05:30:11,016    step=2,350,000  SR=0.000  ret=16.2 [14.4,18.2]  elapsed=694.2min
2026-04-27 05:43:32,449    step=2,400,000  SR=0.000  ret=16.9 [14.4,19.6]  elapsed=707.5min
2026-04-27 05:43:32,556    [ckpt] saved → /nfs/turbo/umd-sabymath/Soham/sail-tf1b-onlineRM/teacher_training/metaworld/pick-place-v2/retrain_v2/sac_seed0/checkpoints/step_02400000
2026-04-27 05:58:21,875    step=2,450,000  SR=0.000  ret=15.5 [7.8,18.9]  elapsed=722.3min
2026-04-27 06:13:09,141    step=2,500,000  SR=0.000  ret=13.5 [9.0,16.4]  elapsed=737.1min
2026-04-27 06:13:09,262    [ckpt] saved → /nfs/turbo/umd-sabymath/Soham/sail-tf1b-onlineRM/teacher_training/metaworld/pick-place-v2/retrain_v2/sac_seed0/checkpoints/step_02500000
2026-04-27 06:27:53,274    step=2,550,000  SR=0.000  ret=16.2 [11.2,18.3]  elapsed=751.9min
2026-04-27 06:42:47,320    step=2,600,000  SR=0.000  ret=17.5 [15.3,18.8]  elapsed=766.8min
2026-04-27 06:42:47,440    [ckpt] saved → /nfs/turbo/umd-sabymath/Soham/sail-tf1b-onlineRM/teacher_training/metaworld/pick-place-v2/retrain_v2/sac_seed0/checkpoints/step_02600000
2026-04-27 06:57:33,112    step=2,650,000  SR=0.000  ret=17.5 [16.2,18.8]  elapsed=781.5min
2026-04-27 07:12:06,762    step=2,700,000  SR=0.000  ret=16.8 [15.2,17.6]  elapsed=796.1min
2026-04-27 07:12:06,870    [ckpt] saved → /nfs/turbo/umd-sabymath/Soham/sail-tf1b-onlineRM/teacher_training/metaworld/pick-place-v2/retrain_v2/sac_seed0/checkpoints/step_02700000
2026-04-27 07:26:58,246    step=2,750,000  SR=0.000  ret=16.4 [13.0,17.8]  elapsed=810.9min
2026-04-27 07:41:48,277    step=2,800,000  SR=0.000  ret=1.6 [1.2,2.1]  elapsed=825.8min
2026-04-27 07:41:48,381    [ckpt] saved → /nfs/turbo/umd-sabymath/Soham/sail-tf1b-onlineRM/teacher_training/metaworld/pick-place-v2/retrain_v2/sac_seed0/checkpoints/step_02800000
2026-04-27 07:54:27,543    step=2,850,000  SR=0.000  ret=11.9 [5.2,15.9]  elapsed=838.4min
2026-04-27 08:07:50,256    step=2,900,000  SR=0.000  ret=17.4 [11.3,19.4]  elapsed=851.8min
2026-04-27 08:07:50,394    [ckpt] saved → /nfs/turbo/umd-sabymath/Soham/sail-tf1b-onlineRM/teacher_training/metaworld/pick-place-v2/retrain_v2/sac_seed0/checkpoints/step_02900000
2026-04-27 08:21:34,704    step=2,950,000  SR=0.000  ret=17.1 [10.6,20.4]  elapsed=865.6min
2026-04-27 08:35:23,621    step=3,000,000  SR=0.000  ret=17.8 [10.2,20.1]  elapsed=879.4min
2026-04-27 08:35:23,728    [ckpt] saved → /nfs/turbo/umd-sabymath/Soham/sail-tf1b-onlineRM/teacher_training/metaworld/pick-place-v2/retrain_v2/sac_seed0/checkpoints/step_03000000
2026-04-27 08:35:23,793  
====================================================================
2026-04-27 08:35:23,793  Training complete.
2026-04-27 08:35:23,793    Task            : pick-place-v2
2026-04-27 08:35:23,793    Best SR         : 0.0000
2026-04-27 08:35:23,793    Best ckpt       : /nfs/turbo/umd-sabymath/Soham/sail-tf1b-onlineRM/teacher_training/metaworld/pick-place-v2/retrain_v2/sac_seed0/checkpoints/best
2026-04-27 08:35:23,793    Total time      : 14.66h
2026-04-27 08:35:23,793    Summary         : /nfs/turbo/umd-sabymath/Soham/sail-tf1b-onlineRM/teacher_training/metaworld/pick-place-v2/retrain_v2/sac_seed0/training_summary.json
2026-04-27 08:35:23,793    Target SR=0.90 : NOT reached
2026-04-27 08:35:23,793  ====================================================================
2026-04-27 08:35:23,793  
Checkpoint table (sorted by success_rate):
/home/sohams/miniconda3/envs/sail_sb3_env/lib/python3.8/site-packages/gym/spaces/box.py:73: UserWarning: [33mWARN: Box bound precision lowered by casting to float32[0m
  logger.warn(
/home/sohams/miniconda3/envs/sail_sb3_env/lib/python3.8/site-packages/gym/spaces/box.py:73: UserWarning: [33mWARN: Box bound precision lowered by casting to float32[0m
  logger.warn(
/home/sohams/miniconda3/envs/sail_sb3_env/lib/python3.8/site-packages/gym/spaces/box.py:73: UserWarning: [33mWARN: Box bound precision lowered by casting to float32[0m
  logger.warn(
/home/sohams/miniconda3/envs/sail_sb3_env/lib/python3.8/site-packages/gym/spaces/box.py:73: UserWarning: [33mWARN: Box bound precision lowered by casting to float32[0m
  logger.warn(
/home/sohams/miniconda3/envs/sail_sb3_env/lib/python3.8/site-packages/gym/spaces/box.py:73: UserWarning: [33mWARN: Box bound precision lowered by casting to float32[0m
  logger.warn(
/home/sohams/miniconda3/envs/sail_sb3_env/lib/python3.8/site-packages/gym/spaces/box.py:73: UserWarning: [33mWARN: Box bound precision lowered by casting to float32[0m
  logger.warn(
/home/sohams/miniconda3/envs/sail_sb3_env/lib/python3.8/site-packages/gym/spaces/box.py:73: UserWarning: [33mWARN: Box bound precision lowered by casting to float32[0m
  logger.warn(
/home/sohams/miniconda3/envs/sail_sb3_env/lib/python3.8/site-packages/gym/spaces/box.py:73: UserWarning: [33mWARN: Box bound precision lowered by casting to float32[0m
  logger.warn(
/home/sohams/miniconda3/envs/sail_sb3_env/lib/python3.8/site-packages/gym/spaces/box.py:73: UserWarning: [33mWARN: Box bound precision lowered by casting to float32[0m
  logger.warn(
/home/sohams/miniconda3/envs/sail_sb3_env/lib/python3.8/site-packages/gym/spaces/box.py:73: UserWarning: [33mWARN: Box bound precision lowered by casting to float32[0m
  logger.warn(
/home/sohams/miniconda3/envs/sail_sb3_env/lib/python3.8/site-packages/gym/spaces/box.py:73: UserWarning: [33mWARN: Box bound precision lowered by casting to float32[0m
  logger.warn(
/home/sohams/miniconda3/envs/sail_sb3_env/lib/python3.8/site-packages/gym/spaces/box.py:73: UserWarning: [33mWARN: Box bound precision lowered by casting to float32[0m
  logger.warn(
/home/sohams/miniconda3/envs/sail_sb3_env/lib/python3.8/site-packages/gym/spaces/box.py:73: UserWarning: [33mWARN: Box bound precision lowered by casting to float32[0m
  logger.warn(
/home/sohams/miniconda3/envs/sail_sb3_env/lib/python3.8/site-packages/gym/spaces/box.py:73: UserWarning: [33mWARN: Box bound precision lowered by casting to float32[0m
  logger.warn(
/home/sohams/miniconda3/envs/sail_sb3_env/lib/python3.8/site-packages/gym/spaces/box.py:73: UserWarning: [33mWARN: Box bound precision lowered by casting to float32[0m
  logger.warn(
/home/sohams/miniconda3/envs/sail_sb3_env/lib/python3.8/site-packages/gym/spaces/box.py:73: UserWarning: [33mWARN: Box bound precision lowered by casting to float32[0m
  logger.warn(
/home/sohams/miniconda3/envs/sail_sb3_env/lib/python3.8/site-packages/gym/spaces/box.py:73: UserWarning: [33mWARN: Box bound precision lowered by casting to float32[0m
  logger.warn(
/home/sohams/miniconda3/envs/sail_sb3_env/lib/python3.8/site-packages/gym/spaces/box.py:73: UserWarning: [33mWARN: Box bound precision lowered by casting to float32[0m
  logger.warn(
/home/sohams/miniconda3/envs/sail_sb3_env/lib/python3.8/site-packages/gym/spaces/box.py:73: UserWarning: [33mWARN: Box bound precision lowered by casting to float32[0m
  logger.warn(
/home/sohams/miniconda3/envs/sail_sb3_env/lib/python3.8/site-packages/gym/spaces/box.py:73: UserWarning: [33mWARN: Box bound precision lowered by casting to float32[0m
  logger.warn(
/home/sohams/miniconda3/envs/sail_sb3_env/lib/python3.8/site-packages/gym/spaces/box.py:73: UserWarning: [33mWARN: Box bound precision lowered by casting to float32[0m
  logger.warn(
/home/sohams/miniconda3/envs/sail_sb3_env/lib/python3.8/site-packages/gym/spaces/box.py:73: UserWarning: [33mWARN: Box bound precision lowered by casting to float32[0m
  logger.warn(
/home/sohams/miniconda3/envs/sail_sb3_env/lib/python3.8/site-packages/gym/spaces/box.py:73: UserWarning: [33mWARN: Box bound precision lowered by casting to float32[0m
  logger.warn(
/home/sohams/miniconda3/envs/sail_sb3_env/lib/python3.8/site-packages/gym/spaces/box.py:73: UserWarning: [33mWARN: Box bound precision lowered by casting to float32[0m
  logger.warn(
/home/sohams/miniconda3/envs/sail_sb3_env/lib/python3.8/site-packages/gym/spaces/box.py:73: UserWarning: [33mWARN: Box bound precision lowered by casting to float32[0m
  logger.warn(
/home/sohams/miniconda3/envs/sail_sb3_env/lib/python3.8/site-packages/gym/spaces/box.py:73: UserWarning: [33mWARN: Box bound precision lowered by casting to float32[0m
  logger.warn(
/home/sohams/miniconda3/envs/sail_sb3_env/lib/python3.8/site-packages/gym/spaces/box.py:73: UserWarning: [33mWARN: Box bound precision lowered by casting to float32[0m
  logger.warn(
/home/sohams/miniconda3/envs/sail_sb3_env/lib/python3.8/site-packages/gym/spaces/box.py:73: UserWarning: [33mWARN: Box bound precision lowered by casting to float32[0m
  logger.warn(
/home/sohams/miniconda3/envs/sail_sb3_env/lib/python3.8/site-packages/gym/spaces/box.py:73: UserWarning: [33mWARN: Box bound precision lowered by casting to float32[0m
  logger.warn(
/home/sohams/miniconda3/envs/sail_sb3_env/lib/python3.8/site-packages/gym/spaces/box.py:73: UserWarning: [33mWARN: Box bound precision lowered by casting to float32[0m
  logger.warn(
/home/sohams/miniconda3/envs/sail_sb3_env/lib/python3.8/site-packages/gym/spaces/box.py:73: UserWarning: [33mWARN: Box bound precision lowered by casting to float32[0m
  logger.warn(
/home/sohams/miniconda3/envs/sail_sb3_env/lib/python3.8/site-packages/gym/spaces/box.py:73: UserWarning: [33mWARN: Box bound precision lowered by casting to float32[0m
  logger.warn(
      Step   SuccessRate    MeanReturn   MinReturn   MaxReturn  Saved At
------------------------------------------------------------------------
    100000        0.0000          4.02        0.45        8.87  2026-04-26 18:20:11
    200000        0.0000          2.06        0.80        5.48  2026-04-26 18:50:33
    300000        0.0000          3.96        0.98        6.15  2026-04-26 19:20:30
    400000        0.0000          4.29        3.40        4.92  2026-04-26 19:46:38
    500000        0.0000          4.10        2.07        6.09  2026-04-26 20:12:35
    600000        0.0000          4.25        3.08        6.25  2026-04-26 20:39:03
    700000        0.0000          5.09        3.09        7.87  2026-04-26 21:05:34
    800000        0.0000          5.46        4.02        9.65  2026-04-26 21:36:26
    900000        0.0000          5.96        4.57        9.79  2026-04-26 22:06:50
   1000000        0.0000          6.34        4.49       10.62  2026-04-26 22:36:28
   1100000        0.0000          7.16        4.90       11.34  2026-04-26 23:05:32
   1200000        0.0000          7.73        4.96       12.29  2026-04-26 23:37:05
   1300000        0.0000         12.63       10.08       15.50  2026-04-27 00:12:10
   1400000        0.0000         13.07        8.57       14.90  2026-04-27 00:42:03
   1500000        0.0000         16.76        8.08       20.55  2026-04-27 01:12:19
   1600000        0.0000         18.16       16.87       20.34  2026-04-27 01:44:11
   1700000        0.0000         17.25        6.94       20.86  2026-04-27 02:11:05
   1800000        0.0000         10.96        4.58       22.55  2026-04-27 02:44:28
   1900000        0.0000         16.89       10.24       19.02  2026-04-27 03:13:58
   2000000        0.0000         17.62       11.59       20.23  2026-04-27 03:42:50
   2100000        0.0000         18.62       17.18       20.45  2026-04-27 04:11:47
   2200000        0.0000         17.88       16.49       19.60  2026-04-27 04:42:56
   2300000        0.0000         15.32       13.84       16.70  2026-04-27 05:15:30
   2400000        0.0000         16.88       14.40       19.63  2026-04-27 05:43:32
   2500000        0.0000         13.45        9.03       16.35  2026-04-27 06:13:09
   2600000        0.0000         17.48       15.29       18.81  2026-04-27 06:42:47
   2700000        0.0000         16.80       15.18       17.63  2026-04-27 07:12:06
   2800000        0.0000          1.63        1.24        2.06  2026-04-27 07:41:48
   2900000        0.0000         17.36       11.32       19.43  2026-04-27 08:07:50
   3000000        0.0000         17.83       10.22       20.14  2026-04-27 08:35:23
   3000000        0.0000         17.83       10.22       20.14  2026-04-27 08:35:23
========================================================
END  : Mon Apr 27 08:35:24 EDT 2026
EXIT : 0
========================================================
